npm warn Unknown project config "strict-peer-dependencies". This will stop working in the next major version of npm.
src/App.tsx(28,29): error TS2349: This expression is not callable.
  Type 'DataProvider' has no call signatures.
